Component: ARM Compiler 5.06 update 6 (build 750) Tool: armlink [4d35ed]

==============================================================================

Section Cross References

    labytatonnement.o(.text) refers to main.o(.text) for clignoteAuClic
    labytatonnement.o(.text) refers to rk_config_moteur.o(.text) for MOTEUR_DROIT_ON
    main.o(.text) refers to rk_config_moteur.o(.text) for MOTEUR_INIT
    main.o(.text) refers to labytatonnement.o(.text) for PARCOURS_LABYRINTHE2
    main.o(.text) refers to main.o(variable) for buffer
    startup_armcm3.o(RESET) refers to startup_armcm3.o(STACK) for __initial_sp
    startup_armcm3.o(RESET) refers to startup_armcm3.o(.text) for Reset_Handler
    startup_armcm3.o(.text) refers to system_armcm3.o(i.SystemInit) for SystemInit
    startup_armcm3.o(.text) refers to main.o(.text) for __main
    system_armcm3.o(i.SystemCoreClockUpdate) refers to system_armcm3.o(.data) for SystemCoreClock
    system_armcm3.o(i.SystemInit) refers to startup_armcm3.o(RESET) for __Vectors
    system_armcm3.o(i.SystemInit) refers to system_armcm3.o(.data) for SystemCoreClock


==============================================================================

Removing Unused input sections from the image.

    Removing startup_armcm3.o(HEAP), (3072 bytes).
    Removing system_armcm3.o(.rev16_text), (4 bytes).
    Removing system_armcm3.o(.revsh_text), (4 bytes).
    Removing system_armcm3.o(.rrx_text), (6 bytes).
    Removing system_armcm3.o(i.SystemCoreClockUpdate), (16 bytes).

5 unused section(s) (total 3102 bytes) removed from the image.

==============================================================================

Image Symbol Table

    Local Symbols

    Symbol Name                              Value     Ov Type        Size  Object(Section)

    RESET                                    0x00000000   Section      960  startup_armcm3.o(RESET)
    Main.s                                   0x00000000   Number         0  main.o ABSOLUTE
    RK_Config_Moteur.s                       0x00000000   Number         0  rk_config_moteur.o ABSOLUTE
    RTE\Device\ARMCM3\startup_ARMCM3.s       0x00000000   Number         0  startup_armcm3.o ABSOLUTE
    RTE\Device\ARMCM3\system_ARMCM3.c        0x00000000   Number         0  system_armcm3.o ABSOLUTE
    RTE\\Device\\ARMCM3\\system_ARMCM3.c     0x00000000   Number         0  system_armcm3.o ABSOLUTE
    labytatonnement.s                        0x00000000   Number         0  labytatonnement.o ABSOLUTE
    .text                                    0x000003c0   Section      568  rk_config_moteur.o(.text)
    .text                                    0x000005f8   Section      256  labytatonnement.o(.text)
    .text                                    0x000006f8   Section      708  main.o(.text)
    .text                                    0x000009bc   Section       56  startup_armcm3.o(.text)
    i.SystemInit                             0x000009f4   Section        0  system_armcm3.o(i.SystemInit)
    .data                                    0x20000000   Section        4  system_armcm3.o(.data)
    variable                                 0x20000004   Section       50  main.o(variable)
    buffer                                   0x20000004   Data          50  main.o(variable)
    STACK                                    0x20000038   Section     1024  startup_armcm3.o(STACK)

    Global Symbols

    Symbol Name                              Value     Ov Type        Size  Object(Section)

    BuildAttributes$$THM_ISAv4$P$D$K$B$S$PE$A:L22UL41UL21$X:L11$S22US41US21$IEEE1$IW$USESV6$~STKCKD$USESV7$~SHL$OSPACE$EBA8$MICROLIB$REQ8$PRES8$EABIv2 0x00000000   Number         0  anon$$obj.o ABSOLUTE
    __Vectors                                0x00000000   Data           4  startup_armcm3.o(RESET)
    BROCHE0                                  0x00000001   Number         0  main.o ABSOLUTE
    BROCHE1                                  0x00000002   Number         0  main.o ABSOLUTE
    MOTEUR_INIT                              0x000003c1   Thumb Code     0  rk_config_moteur.o(.text)
    __Vectors_End                            0x000003c0   Data           0  startup_armcm3.o(RESET)
    __Vectors_Size                           0x000003c0   Number         0  startup_armcm3.o ABSOLUTE
    MOTEUR_DROIT_ON                          0x000004c5   Thumb Code     0  rk_config_moteur.o(.text)
    MOTEUR_DROIT_OFF                         0x000004d1   Thumb Code     0  rk_config_moteur.o(.text)
    MOTEUR_GAUCHE_ON                         0x000004dd   Thumb Code     0  rk_config_moteur.o(.text)
    MOTEUR_GAUCHE_OFF                        0x000004e9   Thumb Code     0  rk_config_moteur.o(.text)
    MOTEUR_DROIT_ARRIERE                     0x000004f5   Thumb Code     0  rk_config_moteur.o(.text)
    MOTEUR_DROIT_AVANT                       0x000004ff   Thumb Code     0  rk_config_moteur.o(.text)
    MOTEUR_GAUCHE_ARRIERE                    0x00000509   Thumb Code     0  rk_config_moteur.o(.text)
    MOTEUR_GAUCHE_AVANT                      0x00000513   Thumb Code     0  rk_config_moteur.o(.text)
    MOTEUR_DROIT_INVERSE                     0x0000051d   Thumb Code     0  rk_config_moteur.o(.text)
    MOTEUR_GAUCHE_INVERSE                    0x00000529   Thumb Code     0  rk_config_moteur.o(.text)
    MOTEUR_DROIT_MIN                         0x00000535   Thumb Code     0  rk_config_moteur.o(.text)
    MOTEUR_GAUCHE_MIN                        0x00000547   Thumb Code     0  rk_config_moteur.o(.text)
    MOTEUR_DROIT_MAX                         0x00000559   Thumb Code     0  rk_config_moteur.o(.text)
    MOTEUR_GAUCHE_MAX                        0x0000056b   Thumb Code     0  rk_config_moteur.o(.text)
    WAIT_MIN                                 0x0000057d   Thumb Code     0  rk_config_moteur.o(.text)
    PARCOURS_LABYRINTHE2                     0x000005fd   Thumb Code     0  labytatonnement.o(.text)
    __main                                   0x000006f9   Thumb Code     0  main.o(.text)
    DEMARRAGE                                0x000007b3   Thumb Code     0  main.o(.text)
    clignoteAuClic                           0x0000082f   Thumb Code     0  main.o(.text)
    Clignotement                             0x0000083b   Thumb Code     0  main.o(.text)
    WAIT                                     0x00000863   Thumb Code     4  main.o(.text)
    Reset_Handler                            0x000009bd   Thumb Code     8  startup_armcm3.o(.text)
    NMI_Handler                              0x000009c5   Thumb Code     2  startup_armcm3.o(.text)
    HardFault_Handler                        0x000009c7   Thumb Code     2  startup_armcm3.o(.text)
    MemManage_Handler                        0x000009c9   Thumb Code     2  startup_armcm3.o(.text)
    BusFault_Handler                         0x000009cb   Thumb Code     2  startup_armcm3.o(.text)
    UsageFault_Handler                       0x000009cd   Thumb Code     2  startup_armcm3.o(.text)
    SVC_Handler                              0x000009cf   Thumb Code     2  startup_armcm3.o(.text)
    DebugMon_Handler                         0x000009d1   Thumb Code     2  startup_armcm3.o(.text)
    PendSV_Handler                           0x000009d3   Thumb Code     2  startup_armcm3.o(.text)
    SysTick_Handler                          0x000009d5   Thumb Code     2  startup_armcm3.o(.text)
    Interrupt0_Handler                       0x000009d7   Thumb Code     2  startup_armcm3.o(.text)
    Interrupt1_Handler                       0x000009d9   Thumb Code     2  startup_armcm3.o(.text)
    Interrupt2_Handler                       0x000009db   Thumb Code     2  startup_armcm3.o(.text)
    Interrupt3_Handler                       0x000009dd   Thumb Code     2  startup_armcm3.o(.text)
    Interrupt4_Handler                       0x000009df   Thumb Code     2  startup_armcm3.o(.text)
    Interrupt5_Handler                       0x000009e1   Thumb Code     2  startup_armcm3.o(.text)
    Interrupt6_Handler                       0x000009e3   Thumb Code     2  startup_armcm3.o(.text)
    Interrupt7_Handler                       0x000009e5   Thumb Code     2  startup_armcm3.o(.text)
    Interrupt8_Handler                       0x000009e7   Thumb Code     2  startup_armcm3.o(.text)
    Interrupt9_Handler                       0x000009e9   Thumb Code     2  startup_armcm3.o(.text)
    SystemInit                               0x000009f5   Thumb Code    14  system_armcm3.o(i.SystemInit)
    SystemCoreClock                          0x20000000   Data           4  system_armcm3.o(.data)
    __stack_limit                            0x20000038   Data           0  startup_armcm3.o(STACK)
    __initial_sp                             0x20000438   Data           0  startup_armcm3.o(STACK)
    GPIO_PORTD_BASE                          0x40007000   Number         0  main.o ABSOLUTE
    GPIO_PORTE_BASE                          0x40024000   Number         0  main.o ABSOLUTE



==============================================================================

Memory Map of the image

  Image Entry point : 0x000009bd

  Load Region LR_1 (Base: 0x00000000, Size: 0x00000a4c, Max: 0xffffffff, ABSOLUTE)

    Execution Region ER_RO (Exec base: 0x00000000, Load base: 0x00000000, Size: 0x00000a14, Max: 0xffffffff, ABSOLUTE)

    Exec Addr    Load Addr    Size         Type   Attr      Idx    E Section Name        Object

    0x00000000   0x00000000   0x000003c0   Data   RO           15    RESET               startup_armcm3.o
    0x000003c0   0x000003c0   0x00000238   Code   RO            1  * .text               rk_config_moteur.o
    0x000005f8   0x000005f8   0x00000100   Code   RO            6  * .text               labytatonnement.o
    0x000006f8   0x000006f8   0x000002c4   Code   RO            9  * .text               main.o
    0x000009bc   0x000009bc   0x00000038   Code   RO           16  * .text               startup_armcm3.o
    0x000009f4   0x000009f4   0x00000020   Code   RO           24    i.SystemInit        system_armcm3.o


    Execution Region ER_RW (Exec base: 0x20000000, Load base: 0x00000a14, Size: 0x00000038, Max: 0xffffffff, ABSOLUTE)

    Exec Addr    Load Addr    Size         Type   Attr      Idx    E Section Name        Object

    0x20000000   0x00000a14   0x00000004   Data   RW           25    .data               system_armcm3.o
    0x20000004   0x00000a18   0x00000032   Data   RW           10    variable            main.o


    Execution Region ER_ZI (Exec base: 0x20000038, Load base: 0x00000a4c, Size: 0x00000400, Max: 0xffffffff, ABSOLUTE)

    Exec Addr    Load Addr    Size         Type   Attr      Idx    E Section Name        Object

    0x20000038        -       0x00000400   Zero   RW           13    STACK               startup_armcm3.o


==============================================================================

Image component sizes


      Code (inc. data)   RO Data    RW Data    ZI Data      Debug   Object Name

       256         18          0          0          0        300   labytatonnement.o
       708         70          0         50          0        424   main.o
       568        114          0          0          0        444   rk_config_moteur.o
        56         10        960          0       1024       1164   startup_armcm3.o
        32         18          0          4          0       5163   system_armcm3.o

    ----------------------------------------------------------------------
      1620        230        960         56       1024       7495   Object Totals
         0          0          0          0          0          0   (incl. Generated)
         0          0          0          2          0          0   (incl. Padding)

    ----------------------------------------------------------------------
         0          0          0          0          0          0   Library Totals
         0          0          0          0          0          0   (incl. Padding)

    ----------------------------------------------------------------------

==============================================================================


      Code (inc. data)   RO Data    RW Data    ZI Data      Debug   

      1620        230        960         56       1024       7495   Grand Totals
      1620        230        960         56       1024       7495   ELF Image Totals
      1620        230        960         56          0          0   ROM Totals

==============================================================================

    Total RO  Size (Code + RO Data)                 2580 (   2.52kB)
    Total RW  Size (RW Data + ZI Data)              1080 (   1.05kB)
    Total ROM Size (Code + RO Data + RW Data)       2636 (   2.57kB)

==============================================================================

